<html>
<body>
<pre>
<h1>µVision Build Log</h1>
<h2>Tool Versions:</h2>
IDE-Version: ¦ÌVision V5.26.2.0
Copyright (C) 2018 ARM Ltd and ARM Germany GmbH. All rights reserved.
License Information: riMon B,  , LIC=TIVNB-2QZGP-IIR5V-PZFPX-GH9E0-WW8NQ
 
Tool Versions:
Toolchain:       MDK-ARM Plus  Version: 5.26.2.0
Toolchain Path:  D:\app\keilARM\ARM\ARMCC\Bin
C Compiler:      Armcc.exe V5.06 update 6 (build 750)
Assembler:       Armasm.exe V5.06 update 6 (build 750)
Linker/Locator:  ArmLink.exe V5.06 update 6 (build 750)
Library Manager: ArmAr.exe V5.06 update 6 (build 750)
Hex Converter:   FromElf.exe V5.06 update 6 (build 750)
CPU DLL:         SARMCM3.DLL V5.26.2.0
Dialog DLL:      DARMSTM.DLL V1.68.0.0
Target DLL:      UL2CM3.DLL V1.161.6.0
Dialog DLL:      TARMSTM.DLL V1.66.0.0
 
<h2>Project:</h2>
D:\STM32\project\Æ½ºâ³µV1\USER\V1.uvprojx
Project File Date:  02/24/2021

<h2>Output:</h2>
*** Using Compiler 'V5.06 update 6 (build 750)', folder: 'D:\app\keilARM\ARM\ARMCC\Bin'
Rebuild target 'V1'
compiling delay.c...
compiling LED.C...
compiling main.c...
compiling system_stm32f10x.c...
compiling usart.c...
compiling mpu6050.c...
compiling stm32f10x_it.c...
compiling oled.c...
compiling timer.c...
compiling key.c...
compiling sys.c...
compiling core_cm3.c...
compiling mpuiic.c...
compiling pwm.c...
compiling hcsr04.c...
compiling inv_mpu.c...
..\HARDWARE\MPU6050\EMPL\inv_mpu.c(2983): warning:  #940-D: missing return statement at end of non-void function "mpu_dmp_init" 
  }
..\HARDWARE\MPU6050\EMPL\inv_mpu.c: 1 warning, 0 errors
compiling exti.c...
compiling control.c...
compiling usart3.c...
compiling inv_mpu_dmp_motion_driver.c...
compiling encoder.c...
assembling startup_stm32f10x_md.s...
compiling motor.c...
compiling misc.c...
compiling stm32f10x_bkp.c...
compiling stm32f10x_adc.c...
compiling stm32f10x_dac.c...
compiling stm32f10x_crc.c...
compiling stm32f10x_dbgmcu.c...
compiling stm32f10x_cec.c...
compiling stm32f10x_exti.c...
compiling stm32f10x_dma.c...
compiling stm32f10x_can.c...
compiling stm32f10x_flash.c...
compiling stm32f10x_fsmc.c...
compiling stm32f10x_gpio.c...
compiling stm32f10x_iwdg.c...
compiling stm32f10x_i2c.c...
compiling stm32f10x_rcc.c...
compiling stm32f10x_pwr.c...
compiling stm32f10x_rtc.c...
compiling stm32f10x_spi.c...
compiling stm32f10x_sdio.c...
compiling stm32f10x_usart.c...
compiling stm32f10x_tim.c...
compiling stm32f10x_wwdg.c...
linking...
Program Size: Code=37510 RO-data=5866 RW-data=2192 ZI-data=1712  
FromELF: creating hex file...
"..\OBJ\V1.axf" - 0 Error(s), 1 Warning(s).

<h2>Software Packages used:</h2>

Package Vendor: ARM
                http://www.keil.com/pack/ARM.CMSIS.5.4.0.pack
                ARM.CMSIS.5.4.0
                CMSIS (Cortex Microcontroller Software Interface Standard)
   * Component: CORE Version: 5.1.2

Package Vendor: Keil
                http://www.keil.com/pack/Keil.STM32F1xx_DFP.2.1.0.pack
                Keil.STM32F1xx_DFP.2.1.0
                STMicroelectronics STM32F1 Series Device Support, Drivers and Examples

<h2>Collection of Component include folders:</h2>
  .\RTE\_V1
  D:\app\keilARM\ARM\PACK\ARM\CMSIS\5.4.0\CMSIS\Core\Include
  D:\app\keilARM\ARM\PACK\Keil\STM32F1xx_DFP\2.1.0\Device\Include

<h2>Collection of Component Files used:</h2>

   * Component: ARM::CMSIS:CORE:5.1.2
Build Time Elapsed:  00:00:05
</pre>
</body>
</html>
